// Jest Snapshot v1, https://goo.gl/fbAQLP

exports[`Pruebas en <GifGridItem/> debe de mostrar el componente correctamente 1`] = `
<div
  className="card animate__animated animate__jello"
>
  <p>
    un titulo
     
  </p>
  <img
    alt="un titulo"
    src="https://localhost/hola.jpg"
  />
</div>
`;
